// Jest Snapshot v1, https://goo.gl/fbAQLP

exports[`engines/pixijs/engineGenerator/processors/positioningProcessorBuilder should throw a HasHitAWallError if has hit a wall 1`] = `"La dirección que intentás tomar es incorrecta"`;
